
  >- AProgram
     |- AClassDecl
     |  |- Main
     |  `- AMethodFeature
     |     |- main
     |     |- Int
     |     `- AIntExpr:Int
     |        `- 0
     |- AClassDecl
     |  `- A
     |- AClassDecl
     |  `- B
     `- AClassDecl
        |- C
        |- AAttributeFeature
        |  |- a
        |  `- A
        |- AAttributeFeature
        |  |- b
        |  `- B
        `- AMethodFeature
           |- compare
           |- Bool
           `- AEqExpr:Bool
              |- AObjectExpr:A
              |  `- a
              `- AObjectExpr:B
                 `- b

